// Jest Snapshot v1, https://goo.gl/fbAQLP

exports[`App: bails out for non-english languages 1`] = `
<div
  className="unsupported-language"
  localeCode="de-DE"
  localeName="German"
/>
`;
